
开发板出厂烧录了embedfire的linux镜像
环境搭建工作主要有两项：
- 连接wifi
- ssh登录调试
- 挂载sd卡并格式化


# 连接WIFI

由于开发板上内置的网络工具只有：
`wpa_supplicant`
因此这里只能使用这个网络工具来进行连接

连接方式：
编辑`/etc/wpa_supplicant.conf`文件
修改内容如下：
```
network={
    ssid="SSID名称" #即wifi名称
    psk="密码" #wifi密码
    key_mgmt=WPA-PSK
}
```

之后执行命令：
```bash
wpa_supplicant -B -i wlan0 -c /etc/wpa_supplicant.conf
```
连接wifi

连接wifi后出现没有对应ipv4地址的情况，可以使用如下命令获取地址：
```
udhcpc  -b  -i  wlan0
```

## 将网络连接添加为开机自启动

在开机启动脚本`/etc/init.d/S40network`中的start部分添加：

```bash
wpa_supplicant -B -i wlan0 -c /etc/wpa_supplicant.conf
udhcpc  -b  -i  wlan0
```


# 格式化SD卡并挂载

执行下面命令查看当前设备节点：
```bash
fdisk -l
```
发现设备节点中sd卡名称如下：
`Disk /dev/mmcblk0: 29 GB, 31266439168 bytes, 61067264 sectors`
954176 cylinders, 4 heads, 16 sectors/track
Units: sectors of 1 * 512 = 512 bytes

Device       Boot StartCHS    EndCHS        StartLBA     EndLBA    Sectors  Size Id Type
/dev/mmcblk0p1 *  0,130,3     5,155,22          8192      90111      81920 40.0M  e Win95 FAT16 (LBA)
/dev/mmcblk0p2    384,0,1     831,3,16         90112   61067263   60977152 29.0G 83 Linux
Disk /dev/mmcblk1: 3728 MB, 3909091328 bytes, 7634944 sectors
119296 cylinders, 4 heads, 16 sectors/track
Units: sectors of 1 * 512 = 512 bytes

Device       Boot StartCHS    EndCHS        StartLBA     EndLBA    Sectors  Size Id Type
/dev/mmcblk1p1 *  0,65,4      63,254,1          4098    1028097    1024000  500M 83 Linux
/dev/mmcblk1p2 *  63,254,2    194,137,9      1028098    3125249    2097152 1024M 83 Linux
/dev/mmcblk1p3    194,137,10  195,207,14     3125250    3145729      20480 10.0M  c Win95 FAT32 (LBA)
Disk /dev/mmcblk1boot1: 4 MB, 4194304 bytes, 8192 sectors
128 cylinders, 4 heads, 16 sectors/track
Units: sectors of 1 * 512 = 512 bytes

Disk /dev/mmcblk1boot1 doesn't contain a valid partition table
Disk /dev/mmcblk1boot0: 4 MB, 4194304 bytes, 8192 sectors
128 cylinders, 4 heads, 16 sectors/track
Units: sectors of 1 * 512 = 512 bytes

Disk /dev/mmcblk1boot0 doesn't contain a valid partition table

sd卡中分了多个扇区，格式化扇区：

执行命令：
```
fdisk /dev/mmcblk0
```
一直按d删除扇区，直到出现：
`No partition is defined yet!`
然后按以下顺序执行命令：
Command (m for help): `n`
Partition type
   p   primary partition (1-4)
   e   extended
`p`
Partition number (1-4):`1`
First sector (16-61067263, default 16): `2048`
Last sector or +size{,K,M,G,T} (2048-61067263, default 61067263):【回车】
Using default value 61067263

Command (m for help): `w`
The partition table has been altered.
Calling ioctl() to re-read partition table
之后就成功创建了扇区

## 开机自动挂载

在`etc/fstab`文件中添加新行：
```
/dev/mmcblk0  /mnt/data  ext4  defaults  0  2
```
之后开机就会自动挂载了

# 创建符号链接至工作目录（sd卡系统）


使用命令：
```bash
ln -s /mnt/data/code ~/code
```

>需要注意的是，这里不能创建成：ln -s /mnt/data/code/ ~/code
>不然会创建出一个指向code自身的符号连接


